This is pdfTeX, Version 3.141592653-2.6-1.40.28 (MiKTeX 25.12) (preloaded format=pdflatex 2026.4.28)  28 APR 2026 12:27
entering extended mode
 restricted \write18 enabled.
 file:line:error style messages enabled.
 %&-line parsing enabled.
**c:/Users/parra/OneDrive/Desktop/Folders/School/CPE3207L/TimTissis.tex
(c:/Users/parra/OneDrive/Desktop/Folders/School/CPE3207L/TimTissis.tex
LaTeX2e <2025-11-01>
L3 programming layer <2025-12-24>
(IEEEtran.cls
Document Class: IEEEtran 2015/08/26 V1.8b by Michael Shell
-- See the "IEEEtran_HOWTO" manual for usage information.
-- http://www.michaelshell.org/tex/ieeetran/
\@IEEEtrantmpdimenA=\dimen148
\@IEEEtrantmpdimenB=\dimen149
\@IEEEtrantmpdimenC=\dimen150
\@IEEEtrantmpcountA=\count275
\@IEEEtrantmpcountB=\count276
\@IEEEtrantmpcountC=\count277
\@IEEEtrantmptoksA=\toks17
LaTeX Font Info:    Trying to load font information for OT1+ptm on input line 503.
(C:\Users\parra\AppData\Local\Programs\MiKTeX\tex/latex/psnfss\ot1ptm.fd
File: ot1ptm.fd 2001/06/04 font definitions for OT1/ptm.
)
-- Using 8.5in x 11in (letter) paper.
-- Using PDF output.
\@IEEEnormalsizeunitybaselineskip=\dimen151
-- This is a 10 point document.
LaTeX Encoding Info:    Redeclaring text command \textunderscore (encoding ?) on input line 937.
\CLASSINFOnormalsizebaselineskip=\dimen152
\CLASSINFOnormalsizeunitybaselineskip=\dimen153
\IEEEnormaljot=\dimen154
LaTeX Font Info:    Font shape `OT1/ptm/bx/n' in size <5> not available
(Font)              Font shape `OT1/ptm/b/n' tried instead on input line 1090.
LaTeX Font Info:    Font shape `OT1/ptm/bx/it' in size <5> not available
(Font)              Font shape `OT1/ptm/b/it' tried instead on input line 1090.
LaTeX Font Info:    Font shape `OT1/ptm/bx/n' in size <7> not available
(Font)              Font shape `OT1/ptm/b/n' tried instead on input line 1090.
LaTeX Font Info:    Font shape `OT1/ptm/bx/it' in size <7> not available
(Font)              Font shape `OT1/ptm/b/it' tried instead on input line 1090.
LaTeX Font Info:    Font shape `OT1/ptm/bx/n' in size <8> not available
(Font)              Font shape `OT1/ptm/b/n' tried instead on input line 1090.
LaTeX Font Info:    Font shape `OT1/ptm/bx/it' in size <8> not available
(Font)              Font shape `OT1/ptm/b/it' tried instead on input line 1090.
LaTeX Font Info:    Font shape `OT1/ptm/bx/n' in size <9> not available
(Font)              Font shape `OT1/ptm/b/n' tried instead on input line 1090.
LaTeX Font Info:    Font shape `OT1/ptm/bx/it' in size <9> not available
(Font)              Font shape `OT1/ptm/b/it' tried instead on input line 1090.
LaTeX Font Info:    Font shape `OT1/ptm/bx/n' in size <10> not available
(Font)              Font shape `OT1/ptm/b/n' tried instead on input line 1090.
LaTeX Font Info:    Font shape `OT1/ptm/bx/it' in size <10> not available
(Font)              Font shape `OT1/ptm/b/it' tried instead on input line 1090.
LaTeX Font Info:    Font shape `OT1/ptm/bx/n' in size <11> not available
(Font)              Font shape `OT1/ptm/b/n' tried instead on input line 1090.
LaTeX Font Info:    Font shape `OT1/ptm/bx/it' in size <11> not available
(Font)              Font shape `OT1/ptm/b/it' tried instead on input line 1090.
LaTeX Font Info:    Font shape `OT1/ptm/bx/n' in size <12> not available
(Font)              Font shape `OT1/ptm/b/n' tried instead on input line 1090.
LaTeX Font Info:    Font shape `OT1/ptm/bx/it' in size <12> not available
(Font)              Font shape `OT1/ptm/b/it' tried instead on input line 1090.
LaTeX Font Info:    Font shape `OT1/ptm/bx/n' in size <17> not available
(Font)              Font shape `OT1/ptm/b/n' tried instead on input line 1090.
LaTeX Font Info:    Font shape `OT1/ptm/bx/it' in size <17> not available
(Font)              Font shape `OT1/ptm/b/it' tried instead on input line 1090.
LaTeX Font Info:    Font shape `OT1/ptm/bx/n' in size <20> not available
(Font)              Font shape `OT1/ptm/b/n' tried instead on input line 1090.
LaTeX Font Info:    Font shape `OT1/ptm/bx/it' in size <20> not available
(Font)              Font shape `OT1/ptm/b/it' tried instead on input line 1090.
LaTeX Font Info:    Font shape `OT1/ptm/bx/n' in size <24> not available
(Font)              Font shape `OT1/ptm/b/n' tried instead on input line 1090.
LaTeX Font Info:    Font shape `OT1/ptm/bx/it' in size <24> not available
(Font)              Font shape `OT1/ptm/b/it' tried instead on input line 1090.
\IEEEquantizedlength=\dimen155
\IEEEquantizedlengthdiff=\dimen156
\IEEEquantizedtextheightdiff=\dimen157
\IEEEilabelindentA=\dimen158
\IEEEilabelindentB=\dimen159
\IEEEilabelindent=\dimen160
\IEEEelabelindent=\dimen161
\IEEEdlabelindent=\dimen162
\IEEElabelindent=\dimen163
\IEEEiednormlabelsep=\dimen164
\IEEEiedmathlabelsep=\dimen165
\IEEEiedtopsep=\skip49
\c@section=\count278
\c@subsection=\count279
\c@subsubsection=\count280
\c@paragraph=\count281
\c@IEEEsubequation=\count282
\abovecaptionskip=\skip50
\belowcaptionskip=\skip51
\c@figure=\count283
\c@table=\count284
\@IEEEeqnnumcols=\count285
\@IEEEeqncolcnt=\count286
\@IEEEsubeqnnumrollback=\count287
\@IEEEquantizeheightA=\dimen166
\@IEEEquantizeheightB=\dimen167
\@IEEEquantizeheightC=\dimen168
\@IEEEquantizeprevdepth=\dimen169
\@IEEEquantizemultiple=\count288
\@IEEEquantizeboxA=\box53
\@IEEEtmpitemindent=\dimen170
\IEEEPARstartletwidth=\dimen171
\c@IEEEbiography=\count289
\@IEEEtranrubishbin=\box54
) (C:\Users\parra\AppData\Local\Programs\MiKTeX\tex/latex/url\url.sty
\Urlmuskip=\muskip17
Package: url 2013/09/16  ver 3.4  Verb mode for urls, etc.
) (C:\Users\parra\AppData\Local\Programs\MiKTeX\tex/latex/xurl\xurl.sty
Package: xurl 2022/01/09 v 0.10 modify URL breaks
) (C:\Users\parra\AppData\Local\Programs\MiKTeX\tex/latex/cite\cite.sty
LaTeX Info: Redefining \cite on input line 302.
LaTeX Info: Redefining \nocite on input line 332.
Package: cite 2015/02/27  v 5.5
) (C:\Users\parra\AppData\Local\Programs\MiKTeX\tex/latex/amsmath\amsmath.sty
Package: amsmath 2025/07/09 v2.17z AMS math features
\@mathmargin=\skip52

For additional information on amsmath, use the `?' option.
(C:\Users\parra\AppData\Local\Programs\MiKTeX\tex/latex/amsmath\amstext.sty
Package: amstext 2024/11/17 v2.01 AMS text
 (C:\Users\parra\AppData\Local\Programs\MiKTeX\tex/latex/amsmath\amsgen.sty
File: amsgen.sty 1999/11/30 v2.0 generic functions
\@emptytoks=\toks18
\ex@=\dimen172
)) (C:\Users\parra\AppData\Local\Programs\MiKTeX\tex/latex/amsmath\amsbsy.sty
Package: amsbsy 1999/11/29 v1.2d Bold Symbols
\pmbraise@=\dimen173
) (C:\Users\parra\AppData\Local\Programs\MiKTeX\tex/latex/amsmath\amsopn.sty
Package: amsopn 2022/04/08 v2.04 operator names
)
\inf@bad=\count290
LaTeX Info: Redefining \frac on input line 233.
\uproot@=\count291
\leftroot@=\count292
LaTeX Info: Redefining \overline on input line 398.
LaTeX Info: Redefining \colon on input line 409.
\classnum@=\count293
\DOTSCASE@=\count294
LaTeX Info: Redefining \ldots on input line 495.
LaTeX Info: Redefining \dots on input line 498.
LaTeX Info: Redefining \cdots on input line 619.
\Mathstrutbox@=\box55
\strutbox@=\box56
LaTeX Info: Redefining \big on input line 721.
LaTeX Info: Redefining \Big on input line 722.
LaTeX Info: Redefining \bigg on input line 723.
LaTeX Info: Redefining \Bigg on input line 724.
\big@size=\dimen174
LaTeX Font Info:    Redeclaring font encoding OML on input line 742.
LaTeX Font Info:    Redeclaring font encoding OMS on input line 743.
\macc@depth=\count295
LaTeX Info: Redefining \bmod on input line 904.
LaTeX Info: Redefining \pmod on input line 909.
LaTeX Info: Redefining \smash on input line 939.
LaTeX Info: Redefining \relbar on input line 969.
LaTeX Info: Redefining \Relbar on input line 970.
\c@MaxMatrixCols=\count296
\dotsspace@=\muskip18
\c@parentequation=\count297
\dspbrk@lvl=\count298
\tag@help=\toks19
\row@=\count299
\column@=\count300
\maxfields@=\count301
\andhelp@=\toks20
\eqnshift@=\dimen175
\alignsep@=\dimen176
\tagshift@=\dimen177
\tagwidth@=\dimen178
\totwidth@=\dimen179
\lineht@=\dimen180
\@envbody=\toks21
\multlinegap=\skip53
\multlinetaggap=\skip54
\mathdisplay@stack=\toks22
LaTeX Info: Redefining \[ on input line 2950.
LaTeX Info: Redefining \] on input line 2951.
) (C:\Users\parra\AppData\Local\Programs\MiKTeX\tex/latex/amsfonts\amssymb.sty
Package: amssymb 2013/01/14 v3.01 AMS font symbols
 (C:\Users\parra\AppData\Local\Programs\MiKTeX\tex/latex/amsfonts\amsfonts.sty
Package: amsfonts 2013/01/14 v3.01 Basic AMSFonts support
\symAMSa=\mathgroup4
\symAMSb=\mathgroup5
LaTeX Font Info:    Redeclaring math symbol \hbar on input line 98.
LaTeX Font Info:    Overwriting math alphabet `\mathfrak' in version `bold'
(Font)                  U/euf/m/n --> U/euf/b/n on input line 106.
)) (C:\Users\parra\AppData\Local\Programs\MiKTeX\tex/latex/algorithms\algorithmic.sty
Package: algorithmic 2009/08/24 v0.1 Document Style `algorithmic'
 (C:\Users\parra\AppData\Local\Programs\MiKTeX\tex/latex/base\ifthen.sty
Package: ifthen 2024/03/16 v1.1e Standard LaTeX ifthen package (DPC)
) (C:\Users\parra\AppData\Local\Programs\MiKTeX\tex/latex/graphics\keyval.sty
Package: keyval 2022/05/29 v1.15 key=value parser (DPC)
\KV@toks@=\toks23
)
\c@ALC@unique=\count302
\c@ALC@line=\count303
\c@ALC@rem=\count304
\c@ALC@depth=\count305
\ALC@tlm=\skip55
\algorithmicindent=\skip56
) (C:\Users\parra\AppData\Local\Programs\MiKTeX\tex/latex/graphics\graphicx.sty
Package: graphicx 2024/12/31 v1.2e Enhanced LaTeX Graphics (DPC,SPQR)
 (C:\Users\parra\AppData\Local\Programs\MiKTeX\tex/latex/graphics\graphics.sty
Package: graphics 2024/08/06 v1.4g Standard LaTeX Graphics (DPC,SPQR)
 (C:\Users\parra\AppData\Local\Programs\MiKTeX\tex/latex/graphics\trig.sty
Package: trig 2023/12/02 v1.11 sin cos tan (DPC)
) (C:\Users\parra\AppData\Local\Programs\MiKTeX\tex/latex/graphics-cfg\graphics.cfg
File: graphics.cfg 2016/06/04 v1.11 sample graphics configuration
)
Package graphics Info: Driver file: pdftex.def on input line 106.
 (C:\Users\parra\AppData\Local\Programs\MiKTeX\tex/latex/graphics-def\pdftex.def
File: pdftex.def 2025/09/29 v1.2d Graphics/color driver for pdftex
))
\Gin@req@height=\dimen181
\Gin@req@width=\dimen182
) (C:\Users\parra\AppData\Local\Programs\MiKTeX\tex/latex/base\textcomp.sty
Package: textcomp 2024/04/24 v2.1b Standard LaTeX package
) (C:\Users\parra\AppData\Local\Programs\MiKTeX\tex/latex/wrapfig\wrapfig.sty
\wrapoverhang=\dimen183
\WF@size=\dimen184
\c@WF@wrappedlines=\count306
\WF@box=\box57
\WF@everypar=\toks24
Package: wrapfig 2003/01/31  v 3.6
) (C:\Users\parra\AppData\Local\Programs\MiKTeX\tex/latex/tools\multicol.sty
Package: multicol 2025/10/21 v2.0b multicolumn formatting (FMi)
\c@tracingmulticols=\count307
\mult@box=\box58
\multicol@leftmargin=\dimen185
\c@unbalance=\count308
\c@collectmore=\count309
\doublecol@number=\count310
\multicoltolerance=\count311
\multicolpretolerance=\count312
\full@width=\dimen186
\page@free=\dimen187
\premulticols=\dimen188
\postmulticols=\dimen189
\multicolsep=\skip57
\multicolbaselineskip=\skip58
\partial@page=\box59
\last@line=\box60
\mc@boxedresult=\box61
\maxbalancingoverflow=\dimen190
\mult@rightbox=\box62
\mult@grightbox=\box63
\mult@firstbox=\box64
\mult@gfirstbox=\box65
\@tempa=\box66
\@tempa=\box67
\@tempa=\box68
\@tempa=\box69
\@tempa=\box70
\@tempa=\box71
\@tempa=\box72
\@tempa=\box73
\@tempa=\box74
\@tempa=\box75
\@tempa=\box76
\@tempa=\box77
\@tempa=\box78
\@tempa=\box79
\@tempa=\box80
\@tempa=\box81
\@tempa=\box82
\@tempa=\box83
\@tempa=\box84
\@tempa=\box85
\@tempa=\box86
\@tempa=\box87
\@tempa=\box88
\@tempa=\box89
\@tempa=\box90
\@tempa=\box91
\@tempa=\box92
\@tempa=\box93
\@tempa=\box94
\@tempa=\box95
\@tempa=\box96
\@tempa=\box97
\@tempa=\box98
\@tempa=\box99
\@tempa=\box100
\@tempa=\box101
\c@minrows=\count313
\c@columnbadness=\count314
\c@finalcolumnbadness=\count315
\last@try=\dimen191
\multicolovershoot=\dimen192
\multicolundershoot=\dimen193
\mult@nat@firstbox=\box102
\colbreak@box=\box103
\mc@col@check@num=\count316
\g__mc_curr_col_int=\count317
) (C:\Users\parra\AppData\Local\Programs\MiKTeX\tex/latex/enumitem\enumitem.sty
Package: enumitem 2025/02/06 v3.11 Customized lists
\labelindent=\skip59
\enit@outerparindent=\dimen194
\enit@toks=\toks25
\enit@inbox=\box104
\enit@count@id=\count318
\enitdp@description=\count319
) (C:\Users\parra\AppData\Local\Programs\MiKTeX\tex/latex/booktabs\booktabs.sty
Package: booktabs 2020/01/12 v1.61803398 Publication quality tables
\heavyrulewidth=\dimen195
\lightrulewidth=\dimen196
\cmidrulewidth=\dimen197
\belowrulesep=\dimen198
\belowbottomsep=\dimen199
\aboverulesep=\dimen256
\abovetopsep=\dimen257
\cmidrulesep=\dimen258
\cmidrulekern=\dimen259
\defaultaddspace=\dimen260
\@cmidla=\count320
\@cmidlb=\count321
\@aboverulesep=\dimen261
\@belowrulesep=\dimen262
\@thisruleclass=\count322
\@lastruleclass=\count323
\@thisrulewidth=\dimen263
) (C:\Users\parra\AppData\Local\Programs\MiKTeX\tex/latex/float\float.sty
Package: float 2001/11/08 v1.3d Float enhancements (AL)
\c@float@type=\count324
\float@exts=\toks26
\float@box=\box105
\@float@everytoks=\toks27
\@floatcapt=\box106
) (C:\Users\parra\AppData\Local\Programs\MiKTeX\tex/latex/adjustbox\adjustbox.sty
Package: adjustbox 2025/02/26 v1.3c Adjusting TeX boxes (trim, clip, ...)
 (C:\Users\parra\AppData\Local\Programs\MiKTeX\tex/latex/xkeyval\xkeyval.sty
Package: xkeyval 2022/06/16 v2.9 package option processing (HA)
 (C:\Users\parra\AppData\Local\Programs\MiKTeX\tex/generic/xkeyval\xkeyval.tex (C:\Users\parra\AppData\Local\Programs\MiKTeX\tex/generic/xkeyval\xkvutils.tex
\XKV@toks=\toks28
\XKV@tempa@toks=\toks29
)
\XKV@depth=\count325
File: xkeyval.tex 2014/12/03 v2.7a key=value parser (HA)
)) (C:\Users\parra\AppData\Local\Programs\MiKTeX\tex/latex/adjustbox\adjcalc.sty
Package: adjcalc 2012/05/16 v1.1 Provides advanced setlength with multiple back-ends (calc, etex, pgfmath)
) (C:\Users\parra\AppData\Local\Programs\MiKTeX\tex/latex/adjustbox\trimclip.sty
Package: trimclip 2025/02/21 v1.2a Trim and clip general TeX material
 (C:\Users\parra\AppData\Local\Programs\MiKTeX\tex/latex/collectbox\collectbox.sty
Package: collectbox 2022/10/17 v0.4c Collect macro arguments as boxes
\collectedbox=\box107
)
\tc@llx=\dimen264
\tc@lly=\dimen265
\tc@urx=\dimen266
\tc@ury=\dimen267
Package trimclip Info: Using driver 'tc-pdftex.def'.
 (C:\Users\parra\AppData\Local\Programs\MiKTeX\tex/latex/adjustbox\tc-pdftex.def
File: tc-pdftex.def 2025/02/26 v2.3 Clipping driver for pdftex
))
\adjbox@Width=\dimen268
\adjbox@Height=\dimen269
\adjbox@Depth=\dimen270
\adjbox@Totalheight=\dimen271
\adjbox@pwidth=\dimen272
\adjbox@pheight=\dimen273
\adjbox@pdepth=\dimen274
\adjbox@ptotalheight=\dimen275
 (C:\Users\parra\AppData\Local\Programs\MiKTeX\tex/latex/ifoddpage\ifoddpage.sty
Package: ifoddpage 2022/10/18 v1.2 Conditionals for odd/even page detection
\c@checkoddpage=\count326
) (C:\Users\parra\AppData\Local\Programs\MiKTeX\tex/latex/varwidth\varwidth.sty
Package: varwidth 2009/03/30 ver 0.92;  Variable-width minipages
\@vwid@box=\box108
\sift@deathcycles=\count327
\@vwid@loff=\dimen276
\@vwid@roff=\dimen277
)
==> First Aid for varwidth.sty applied!
) (C:\Users\parra\AppData\Local\Programs\MiKTeX\tex/latex/algorithmicx\algpseudocode.sty
Package: algpseudocode 
 (C:\Users\parra\AppData\Local\Programs\MiKTeX\tex/latex/algorithmicx\algorithmicx.sty
Package: algorithmicx 2005/04/27 v1.2 Algorithmicx

Document Style algorithmicx 1.2 - a greatly improved `algorithmic' style
\c@ALG@line=\count328
\c@ALG@rem=\count329
\c@ALG@nested=\count330
\ALG@tlm=\skip60
\ALG@thistlm=\skip61
\c@ALG@Lnr=\count331
\c@ALG@blocknr=\count332
\c@ALG@storecount=\count333
\c@ALG@tmpcounter=\count334
\ALG@tmplength=\skip62

C:\Users\parra\AppData\Local\Programs\MiKTeX\tex/latex/algorithmicx\algorithmicx.sty:112: LaTeX Error: Command \algorithmic already defined.
               Or name \end... illegal, see p.192 of the manual.

See the LaTeX manual or LaTeX Companion for explanation.
Type  H <return>  for immediate help.
 ...                                              
                                                  
l.112    }
          %
Your command was ignored.
Type  I <command> <return>  to replace it with another command,
or  <return>  to continue without it.

)
Document Style - pseudocode environments for use with the `algorithmicx' style
) (C:\Users\parra\AppData\Local\Programs\MiKTeX\tex/latex/algorithm2e\algorithm2e.sty
Package: algorithm2e 2017/07/18 v5.2 algorithms environments
\c@AlgoLine=\count335
\algocf@hangindent=\skip63
 (C:\Users\parra\AppData\Local\Programs\MiKTeX\tex/latex/tools\xspace.sty
Package: xspace 2014/10/28 v1.13 Space after command names (DPC,MH)
) (C:\Users\parra\AppData\Local\Programs\MiKTeX\tex/latex/relsize\relsize.sty
Package: relsize 2013/03/29 ver 4.1
)
\skiptotal=\skip64
\skiplinenumber=\skip65
\skiprule=\skip66
\skiphlne=\skip67
\skiptext=\skip68
\skiplength=\skip69
\algomargin=\skip70
\skipalgocfslide=\skip71
\algowidth=\dimen278
\inoutsize=\dimen279
\inoutindent=\dimen280
\interspacetitleruled=\dimen281
\interspacealgoruled=\dimen282
\interspacetitleboxruled=\dimen283
\algocf@ruledwidth=\skip72
\algocf@inoutbox=\box109
\algocf@inputbox=\box110
\AlCapSkip=\skip73
\AlCapHSkip=\skip74
\algoskipindent=\skip75
\algocf@nlbox=\box111
\algocf@hangingbox=\box112
\algocf@untilbox=\box113
\algocf@skipuntil=\skip76
\algocf@capbox=\box114
\algocf@lcaptionbox=\skip77
\algoheightruledefault=\skip78
\algoheightrule=\skip79
\algotitleheightruledefault=\skip80
\algotitleheightrule=\skip81
\c@algocfline=\count336
\c@algocfproc=\count337
\c@algocf=\count338
\algocf@algoframe=\box115
\algocf@algobox=\box116
) (C:\Users\parra\AppData\Local\Programs\MiKTeX\tex/latex/multirow\multirow.sty
Package: multirow 2024/11/12 v2.9 Span multiple rows of a table
\multirow@colwidth=\skip82
\multirow@cntb=\count339
\multirow@dima=\skip83
\bigstrutjot=\dimen284
) (C:\Users\parra\AppData\Local\Programs\MiKTeX\tex/latex/xcolor\xcolor.sty
Package: xcolor 2024/09/29 v3.02 LaTeX color extensions (UK)
 (C:\Users\parra\AppData\Local\Programs\MiKTeX\tex/latex/graphics-cfg\color.cfg
File: color.cfg 2016/01/02 v1.6 sample color configuration
)
Package xcolor Info: Driver file: pdftex.def on input line 274.
 (C:\Users\parra\AppData\Local\Programs\MiKTeX\tex/latex/graphics\mathcolor.ltx)
Package xcolor Info: Model `cmy' substituted by `cmy0' on input line 1349.
Package xcolor Info: Model `hsb' substituted by `rgb' on input line 1353.
Package xcolor Info: Model `RGB' extended on input line 1365.
Package xcolor Info: Model `HTML' substituted by `rgb' on input line 1367.
Package xcolor Info: Model `Hsb' substituted by `hsb' on input line 1368.
Package xcolor Info: Model `tHsb' substituted by `hsb' on input line 1369.
Package xcolor Info: Model `HSB' substituted by `hsb' on input line 1370.
Package xcolor Info: Model `Gray' substituted by `gray' on input line 1371.
Package xcolor Info: Model `wave' substituted by `hsb' on input line 1372.
) (C:\Users\parra\AppData\Local\Programs\MiKTeX\tex/latex/placeins\placeins.sty
Package: placeins 2005/04/18  v 2.2
) (C:\Users\parra\AppData\Local\Programs\MiKTeX\tex/latex/base\inputenc.sty
Package: inputenc 2024/02/08 v1.3d Input encoding file
\inpenc@prehook=\toks30
\inpenc@posthook=\toks31
) (C:\Users\parra\AppData\Local\Programs\MiKTeX\tex/latex/caption\caption.sty
Package: caption 2023/08/05 v3.6o Customizing captions (AR)
 (C:\Users\parra\AppData\Local\Programs\MiKTeX\tex/latex/caption\caption3.sty
Package: caption3 2023/07/31 v2.4d caption3 kernel (AR)
\caption@tempdima=\dimen285
\captionmargin=\dimen286
\caption@leftmargin=\dimen287
\caption@rightmargin=\dimen288
\caption@width=\dimen289
\caption@indent=\dimen290
\caption@parindent=\dimen291
\caption@hangindent=\dimen292
Package caption Info: Unknown document class (or package),
(caption)             standard defaults will be used.
Package caption Info: \@makecaption = \long macro:#1#2->\ifx \@captype \@IEEEtablestring \footnotesize \bgroup \par \centering \@IEEEtabletopskipstrut {\normalfont \footnotesize #1}\\{\normalfont \footnotesize \scshape #2}\par \addvspace {0.5\baselineskip }\egroup \@IEEEtablecaptionsepspace \else \@IEEEfigurecaptionsepspace \setbox \@tempboxa \hbox {\normalfont \footnotesize {#1.}\nobreakspace \nobreakspace #2}\ifdim \wd \@tempboxa >\hsize \setbox \@tempboxa \hbox {\normalfont \footnotesize {#1.}\nobreakspace \nobreakspace }\parbox [t]{\hsize }{\normalfont \footnotesize \noindent \unhbox \@tempboxa #2}\else \ifCLASSOPTIONconference \hbox to\hsize {\normalfont \footnotesize \hfil \box \@tempboxa \hfil }\else \hbox to\hsize {\normalfont \footnotesize \box \@tempboxa \hfil }\fi \fi \fi  on input line 1175.
)

Package caption Warning: Unknown document class (or package),
(caption)                standard defaults will be used.
See the caption package documentation for explanation.

\c@caption@flags=\count340
\c@continuedfloat=\count341
Package caption Info: float package is loaded.
Package caption Info: wrapfig package is loaded.
) (C:\Users\parra\AppData\Local\Programs\MiKTeX\tex/latex/pdfpages\pdfpages.sty
Package: pdfpages 2026/03/30 v0.6h Insert pages of external PDF documents (AM)
 (C:\Users\parra\AppData\Local\Programs\MiKTeX\tex/latex/tools\calc.sty
Package: calc 2025/03/01 v4.3b Infix arithmetic (KKT,FJ)
\calc@Acount=\count342
\calc@Bcount=\count343
\calc@Adimen=\dimen293
\calc@Bdimen=\dimen294
\calc@Askip=\skip84
\calc@Bskip=\skip85
LaTeX Info: Redefining \setlength on input line 86.
LaTeX Info: Redefining \addtolength on input line 87.
\calc@Ccount=\count344
\calc@Cskip=\skip86
) (C:\Users\parra\AppData\Local\Programs\MiKTeX\tex/latex/eso-pic\eso-pic.sty
Package: eso-pic 2025/12/10 v3.0d eso-pic (RN)
\ESO@tempdima=\dimen295
\ESO@tempdimb=\dimen296
) (C:\Users\parra\AppData\Local\Programs\MiKTeX\tex/latex/etoolbox\etoolbox.sty
Package: etoolbox 2025/10/02 v2.5m e-TeX tools for LaTeX (JAW)
\etb@tempcnta=\count345
)
\AM@pagewidth=\dimen297
\AM@pageheight=\dimen298
\AM@fboxrule=\dimen299
 (C:\Users\parra\AppData\Local\Programs\MiKTeX\tex/latex/pdfpages\pppdftex.def
File: pppdftex.def 2026/03/30 v0.6h Pdfpages driver for pdfTeX (AM)
)
\pdfpages@includegraphics@status=\count346
\AM@pagebox=\box117
\AM@global@opts=\toks32
\AM@pagecnt=\count347
\AM@toc@title=\toks33
\AM@lof@heading=\toks34
\c@AM@survey=\count348
\AM@templatesizebox=\box118
) (C:\Users\parra\AppData\Local\Programs\MiKTeX\tex/latex/l3backend\l3backend-pdftex.def
File: l3backend-pdftex.def 2025-10-09 L3 backend support: PDF output (pdfTeX)
\l__color_backend_stack_int=\count349
) (TimTissis.aux)
\openout1 = `TimTissis.aux'.

LaTeX Font Info:    Checking defaults for OML/cmm/m/it on input line 31.
LaTeX Font Info:    ... okay on input line 31.
LaTeX Font Info:    Checking defaults for OMS/cmsy/m/n on input line 31.
LaTeX Font Info:    ... okay on input line 31.
LaTeX Font Info:    Checking defaults for OT1/cmr/m/n on input line 31.
LaTeX Font Info:    ... okay on input line 31.
LaTeX Font Info:    Checking defaults for T1/cmr/m/n on input line 31.
LaTeX Font Info:    ... okay on input line 31.
LaTeX Font Info:    Checking defaults for TS1/cmr/m/n on input line 31.
LaTeX Font Info:    ... okay on input line 31.
LaTeX Font Info:    Checking defaults for OMX/cmex/m/n on input line 31.
LaTeX Font Info:    ... okay on input line 31.
LaTeX Font Info:    Checking defaults for U/cmr/m/n on input line 31.
LaTeX Font Info:    ... okay on input line 31.

-- Lines per column: 56 (exact).
(C:\Users\parra\AppData\Local\Programs\MiKTeX\tex/context/base/mkii\supp-pdf.mkii
[Loading MPS to PDF converter (version 2006.09.02).]
\scratchcounter=\count350
\scratchdimen=\dimen300
\scratchbox=\box119
\nofMPsegments=\count351
\nofMParguments=\count352
\everyMPshowfont=\toks35
\MPscratchCnt=\count353
\MPscratchDim=\dimen301
\MPnumerator=\count354
\makeMPintoPDFobject=\count355
\everyMPtoPDFconversion=\toks36
) (C:\Users\parra\AppData\Local\Programs\MiKTeX\tex/latex/epstopdf-pkg\epstopdf-base.sty
Package: epstopdf-base 2020-01-24 v2.11 Base part for package epstopdf
Package epstopdf-base Info: Redefining graphics rule for `.eps' on input line 485.
 (C:\Users\parra\AppData\Local\Programs\MiKTeX\tex/latex/00miktex\epstopdf-sys.cfg
File: epstopdf-sys.cfg 2021/03/18 v2.0 Configuration of epstopdf for MiKTeX
))
Package caption Info: Begin \AtBeginDocument code.
Package caption Info: End \AtBeginDocument code.
 (C:\Users\parra\AppData\Local\Programs\MiKTeX\tex/latex/pdflscape\pdflscape.sty
Package: pdflscape 2022-10-27 v0.13 Display of landscape pages in PDF
 (C:\Users\parra\AppData\Local\Programs\MiKTeX\tex/latex/pdflscape\pdflscape-nometadata.sty
Package: pdflscape-nometadata 2022-10-28 v0.13 Display of landscape pages in PDF (HO)
 (C:\Users\parra\AppData\Local\Programs\MiKTeX\tex/generic/iftex\iftex.sty
Package: iftex 2024/12/12 v1.0g TeX engine tests
) (C:\Users\parra\AppData\Local\Programs\MiKTeX\tex/latex/graphics\lscape.sty
Package: lscape 2020/05/28 v3.02 Landscape Pages (DPC)
)
Package pdflscape Info: Auto-detected driver: pdftex on input line 81.
))
<CoverPage.pdf, id=1, 614.295pt x 794.97pt>
File: CoverPage.pdf Graphic file (type pdf)
<use CoverPage.pdf>
Package pdftex.def Info: CoverPage.pdf  used on input line 32.
(pdftex.def)             Requested size: 614.29349pt x 794.96806pt.
<CoverPage.pdf, id=3, page=1, 614.295pt x 794.97pt>
File: CoverPage.pdf Graphic file (type pdf)
<use CoverPage.pdf, page 1>
Package pdftex.def Info: CoverPage.pdf , page1 used on input line 32.
(pdftex.def)             Requested size: 614.29349pt x 794.96806pt.
File: CoverPage.pdf Graphic file (type pdf)
<use CoverPage.pdf, page 1>
Package pdftex.def Info: CoverPage.pdf , page1 used on input line 32.
(pdftex.def)             Requested size: 614.58406pt x 795.3441pt.
File: CoverPage.pdf Graphic file (type pdf)
<use CoverPage.pdf, page 1>
Package pdftex.def Info: CoverPage.pdf , page1 used on input line 32.
(pdftex.def)             Requested size: 614.58406pt x 795.3441pt.
File: CoverPage.pdf Graphic file (type pdf)
<use CoverPage.pdf, page 1>
Package pdftex.def Info: CoverPage.pdf , page1 used on input line 32.
(pdftex.def)             Requested size: 614.58406pt x 795.3441pt.
File: CoverPage.pdf Graphic file (type pdf)
<use CoverPage.pdf, page 1>
Package pdftex.def Info: CoverPage.pdf , page1 used on input line 32.
(pdftex.def)             Requested size: 614.58406pt x 795.3441pt.
 [1


 <./CoverPage.pdf>]
LaTeX Font Info:    Calculating math sizes for size <11> on input line 44.
LaTeX Font Info:    Trying to load font information for U+msa on input line 44.
 (C:\Users\parra\AppData\Local\Programs\MiKTeX\tex/latex/amsfonts\umsa.fd
File: umsa.fd 2013/01/14 v3.01 AMS symbols A
)
LaTeX Font Info:    Trying to load font information for U+msb on input line 44.
 (C:\Users\parra\AppData\Local\Programs\MiKTeX\tex/latex/amsfonts\umsb.fd
File: umsb.fd 2013/01/14 v3.01 AMS symbols B
)
Overfull \hbox (4.34033pt too wide) in paragraph at lines 44--44
 [] 
 []


Overfull \hbox (4.34033pt too wide) in paragraph at lines 44--44
 [] 
 []


Overfull \hbox (4.34033pt too wide) in paragraph at lines 44--44
 [] 
 []

(Section1.tex

LaTeX Warning: Citation `piyush2025animal' on page 1 undefined on input line 3.


LaTeX Warning: Citation `livestockproduction2026' on page 1 undefined on input line 3.


LaTeX Warning: Citation `oecdfao2025outlook' on page 1 undefined on input line 3.


LaTeX Warning: Citation `livestockproduction2026' on page 1 undefined on input line 3.


LaTeX Warning: Citation `oecdfao2025outlook' on page 1 undefined on input line 3.


LaTeX Warning: Citation `oecdfao2025outlook' on page 1 undefined on input line 3.


LaTeX Warning: Citation `livestockproduction2026' on page 1 undefined on input line 3.


LaTeX Warning: Citation `livestockproduction2026' on page 1 undefined on input line 5.


LaTeX Warning: Citation `usda2026pork' on page 1 undefined on input line 5.


LaTeX Warning: Citation `usda2026pork' on page 1 undefined on input line 5.

LaTeX Info: Symbol \textpeso not provided by
            font family ptm in TS1 encoding.
            Default family used instead on input line 5.

LaTeX Warning: Citation `livestockproduction2026' on page 1 undefined on input line 5.


LaTeX Warning: Citation `porcinews2026philippine' on page 1 undefined on input line 5.


LaTeX Warning: Citation `lo2025rebooting' on page 1 undefined on input line 5.


LaTeX Warning: Citation `lo2025rebooting' on page 1 undefined on input line 5.


LaTeX Warning: Citation `livestockproduction2026' on page 1 undefined on input line 7.


LaTeX Warning: Citation `beyondtech2025smart' on page 1 undefined on input line 7.


LaTeX Warning: Citation `livestockproduction2026' on page 1 undefined on input line 7.


LaTeX Warning: Citation `lo2025rebooting' on page 1 undefined on input line 7.

LaTeX Info: Symbol \textpeso not provided by
            font family ptm in TS1 encoding.
            Default family used instead on input line 7.

LaTeX Warning: Citation `hsu2025perspective' on page 1 undefined on input line 7.


LaTeX Warning: Citation `livestockproduction2026' on page 1 undefined on input line 7.


LaTeX Warning: Citation `barro2026philippine' on page 1 undefined on input line 7.


LaTeX Warning: Citation `hsu2025perspective' on page 1 undefined on input line 9.


LaTeX Warning: Citation `livestockproduction2026' on page 1 undefined on input line 9.


LaTeX Warning: Citation `pcaarrd2026' on page 1 undefined on input line 9.


LaTeX Warning: Citation `dingcong2017monitoring' on page 1 undefined on input line 9.


LaTeX Warning: Citation `lo2025rebooting' on page 1 undefined on input line 9.


LaTeX Warning: Citation `livestockproduction2026' on page 1 undefined on input line 9.

) (Section2.tex [1{C:/Users/parra/AppData/Local/MiKTeX/fonts/map/pdftex/pdftex.map}{C:/Users/parra/AppData/Local/Programs/MiKTeX/fonts/enc/dvips/base/8r.enc}

]

LaTeX Warning: Citation `oecdfao2025outlook' on page 2 undefined on input line 3.


LaTeX Warning: Citation `usda2026pork' on page 2 undefined on input line 3.


LaTeX Warning: Citation `dingcong2017monitoring' on page 2 undefined on input line 3.


LaTeX Warning: Citation `livestockproduction2026' on page 2 undefined on input line 3.

) (Section3.tex) (Section4.tex) (Section5.tex [2]) (Section6.tex

LaTeX Warning: Citation `adeoye2025animalia' on page 3 undefined on input line 5.


LaTeX Warning: Citation `beyondtech2025smart' on page 3 undefined on input line 5.


Underfull \hbox (badness 1442) in paragraph at lines 5--6
\OT1/ptm/m/n/10 and pro-grammable con-trol logic. These sys-tems aim to
 []


Underfull \hbox (badness 10000) in paragraph at lines 5--6

 []


LaTeX Warning: Citation `oecdfao2025outlook' on page 3 undefined on input line 7.


LaTeX Warning: Citation `livestockproduction2026' on page 3 undefined on input line 7.


LaTeX Warning: Citation `dingcong2017monitoring' on page 3 undefined on input line 11.


LaTeX Warning: Citation `sadeghi2023improving' on page 3 undefined on input line 11.


Underfull \hbox (badness 4621) in paragraph at lines 11--12
[]\OT1/ptm/m/n/10 Behavioral mon-i-tor-ing through feed-ing and drink-ing
 []


Underfull \hbox (badness 10000) in paragraph at lines 11--12

 []


LaTeX Warning: Citation `dingcong2017monitoring' on page 3 undefined on input line 13.


LaTeX Warning: Citation `sadeghi2023improving' on page 3 undefined on input line 13.


LaTeX Warning: Citation `racewicz2021welfare' on page 3 undefined on input line 13.


Underfull \hbox (badness 10000) in paragraph at lines 13--14

 []


LaTeX Warning: Citation `dingcong2017monitoring' on page 3 undefined on input line 15.


LaTeX Warning: Citation `racewicz2021welfare' on page 3 undefined on input line 15.


LaTeX Warning: Citation `livestockproduction2026' on page 3 undefined on input line 19.


LaTeX Warning: Citation `yamsakul2025machine' on page 3 undefined on input line 19.


Underfull \hbox (badness 10000) in paragraph at lines 19--20

 []


LaTeX Warning: Citation `sadeghi2023improving' on page 3 undefined on input line 21.


LaTeX Warning: Citation `yamsakul2025machine' on page 3 undefined on input line 21.


Underfull \hbox (badness 10000) in paragraph at lines 21--22
[]\OT1/ptm/m/n/10 Research in-di-cates that mon-i-tor-ing en-vi-ron-men-tal
 []


Underfull \hbox (badness 2111) in paragraph at lines 21--22
\OT1/ptm/m/n/10 and sup-ports timely in-ter-ven-tion. Air qual-ity data also
 []


Underfull \hbox (badness 10000) in paragraph at lines 21--22
\OT1/ptm/m/n/10 com-ple-ments be-hav-ioral mon-i-tor-ing, as en-vi-ron-men-tal
 []


Underfull \hbox (badness 3417) in paragraph at lines 21--22
\OT1/ptm/m/n/10 en-vi-ron-men-tal and be-hav-ioral data to achieve a more
 []


Underfull \hbox (badness 10000) in paragraph at lines 21--22

 []


LaTeX Warning: Citation `yamsakul2025machine' on page 3 undefined on input line 23.


LaTeX Warning: Citation `beyondtech2025smart' on page 3 undefined on input line 27.


LaTeX Warning: Citation `racewicz2021welfare' on page 3 undefined on input line 27.


Underfull \hbox (badness 5036) in paragraph at lines 27--28
[]\OT1/ptm/m/n/10 Centralized mon-i-tor-ing sys-tems are widely used in
 []


Underfull \hbox (badness 1895) in paragraph at lines 27--28
\OT1/ptm/m/n/10 agri-cul-tural au-toma-tion to ag-gre-gate data from mul-ti-ple
 []


Underfull \hbox (badness 10000) in paragraph at lines 27--28

 []


LaTeX Warning: Citation `sadeghi2023improving' on page 3 undefined on input line 29.


Underfull \hbox (badness 10000) in paragraph at lines 29--30

 []


LaTeX Warning: Citation `lo2025rebooting' on page 3 undefined on input line 31.


LaTeX Warning: Citation `livestockproduction2026' on page 3 undefined on input line 31.


LaTeX Warning: Citation `hsu2025perspective' on page 3 undefined on input line 35.


LaTeX Warning: Citation `lo2025rebooting' on page 3 undefined on input line 35.


Underfull \hbox (badness 10000) in paragraph at lines 35--36

 []

[3]

LaTeX Warning: Citation `hsu2025perspective' on page 4 undefined on input line 37.


LaTeX Warning: Citation `pcaarrd2026' on page 4 undefined on input line 37.


Underfull \hbox (badness 10000) in paragraph at lines 37--38

 []


LaTeX Warning: Citation `healthforanimals2024prevention' on page 4 undefined on input line 39.


LaTeX Warning: Citation `lo2025rebooting' on page 4 undefined on input line 43.


Underfull \hbox (badness 7777) in paragraph at lines 43--44
\OT1/ptm/m/n/10 op-er-a-tions, presents unique chal-lenges for tech-nol-ogy
 []


Underfull \hbox (badness 10000) in paragraph at lines 43--44

 []


LaTeX Warning: Citation `lo2025rebooting' on page 4 undefined on input line 45.


LaTeX Warning: Citation `livestockproduction2026' on page 4 undefined on input line 45.


Underfull \hbox (badness 10000) in paragraph at lines 45--46
\OT1/ptm/m/n/10 con-di-tions. Con-tin-u-ous mon-i-tor-ing tech-nolo-gies are
 []


Underfull \hbox (badness 10000) in paragraph at lines 45--46

 []


LaTeX Warning: Citation `reza2025review' on page 4 undefined on input line 47.


LaTeX Warning: Citation `dingcong2017monitoring' on page 4 undefined on input line 47.

) (Section7.tex
<ConceptualFramework.png, id=39, 252.19218pt x 275.52937pt>
File: ConceptualFramework.png Graphic file (type png)
<use ConceptualFramework.png>
Package pdftex.def Info: ConceptualFramework.png  used on input line 8.
(pdftex.def)             Requested size: 201.60077pt x 220.25981pt.
 [4 <./ConceptualFramework.png (PNG copy)>]
<SoftwareDiagram.png, id=43, 647.41875pt x 928.46875pt>
File: SoftwareDiagram.png Graphic file (type png)
<use SoftwareDiagram.png>
Package pdftex.def Info: SoftwareDiagram.png  used on input line 27.
(pdftex.def)             Requested size: 201.60077pt x 289.11156pt.


LaTeX Warning: Reference `fig:software_flowchart' on page 5 undefined on input line 32.


Underfull \hbox (badness 1895) in paragraph at lines 51--52
[]\OT1/ptm/b/n/10 Software/Language: \OT1/ptm/m/n/10 C/C++ uti-liz-ing the FreeR-TOS
 []

[5 <./SoftwareDiagram.png>]
<MainUnit.png, id=51, 191.9672pt x 121.95563pt>
File: MainUnit.png Graphic file (type png)
<use MainUnit.png>
Package pdftex.def Info: MainUnit.png  used on input line 86.
(pdftex.def)             Requested size: 151.20154pt x 96.06287pt.
<ConeDimensions.png, id=52, 244.66406pt x 143.78719pt>
File: ConeDimensions.png Graphic file (type png)
<use ConeDimensions.png>
Package pdftex.def Info: ConeDimensions.png  used on input line 107.
(pdftex.def)             Requested size: 201.60077pt x 118.48108pt.
<BoxDimensions.png, id=53, 225.09094pt x 188.20313pt>
File: BoxDimensions.png Graphic file (type png)
<use BoxDimensions.png>
Package pdftex.def Info: BoxDimensions.png  used on input line 114.
(pdftex.def)             Requested size: 201.60077pt x 168.5714pt.

Underfull \vbox (badness 10000) has occurred while \output is active []

 [6 <./MainUnit.png (PNG copy)> <./ConeDimensions.png (PNG copy)>]
<Hinged Hopper Lid.png, id=61, 207.77625pt x 79.04532pt>
File: Hinged Hopper Lid.png Graphic file (type png)
<use Hinged Hopper Lid.png>
Package pdftex.def Info: Hinged Hopper Lid.png  used on input line 130.
(pdftex.def)             Requested size: 201.60077pt x 76.69917pt.
<StepMotor.png, id=62, 185.19188pt x 177.66376pt>
File: StepMotor.png Graphic file (type png)
<use StepMotor.png>
Package pdftex.def Info: StepMotor.png  used on input line 141.
(pdftex.def)             Requested size: 126.0pt x 120.88023pt.
<LoadCell.png, id=63, 229.60782pt x 185.19188pt>
File: LoadCell.png Graphic file (type png)
<use LoadCell.png>
Package pdftex.def Info: LoadCell.png  used on input line 155.
(pdftex.def)             Requested size: 126.0pt x 101.62694pt.
<LevelSensor.png, id=64, 238.64156pt x 191.21437pt>
File: LevelSensor.png Graphic file (type png)
<use LevelSensor.png>
Package pdftex.def Info: LevelSensor.png  used on input line 165.
(pdftex.def)             Requested size: 176.39923pt x 141.34177pt.

Underfull \vbox (badness 10000) has occurred while \output is active []

 [7 <./BoxDimensions.png (PNG copy)> <./Hinged Hopper Lid.png (PNG copy)> <./StepMotor.png (PNG copy)> <./LoadCell.png (PNG copy)>]
<MQ-135.png, id=68, 152.06813pt x 152.06813pt>
File: MQ-135.png Graphic file (type png)
<use MQ-135.png>
Package pdftex.def Info: MQ-135.png  used on input line 174.
(pdftex.def)             Requested size: 126.0pt x 126.00302pt.


LaTeX Warning: Citation `dingcong2017monitoring' on page 8 undefined on input line 201.


LaTeX Warning: Citation `sadeghi2023improving' on page 8 undefined on input line 201.


LaTeX Warning: Citation `racewicz2021welfare' on page 8 undefined on input line 201.


LaTeX Warning: Citation `sadeghi2023improving' on page 8 undefined on input line 201.


LaTeX Warning: Citation `sadeghi2023improving' on page 8 undefined on input line 205.


LaTeX Warning: Citation `racewicz2021welfare' on page 8 undefined on input line 205.

[8 <./LevelSensor.png (PNG copy)> <./MQ-135.png (PNG copy)>]

LaTeX Warning: Citation `adeoye2025animalia' on page 9 undefined on input line 208.


LaTeX Warning: Citation `beyondtech2025smart' on page 9 undefined on input line 208.


LaTeX Warning: Citation `sadeghi2023improving' on page 9 undefined on input line 208.


LaTeX Warning: Citation `adeoye2025animalia' on page 9 undefined on input line 212.


LaTeX Warning: Citation `dingcong2017monitoring' on page 9 undefined on input line 212.


LaTeX Warning: Citation `sadeghi2023improving' on page 9 undefined on input line 216.


LaTeX Warning: Citation `racewicz2021welfare' on page 9 undefined on input line 216.


LaTeX Warning: Citation `beyondtech2025smart' on page 9 undefined on input line 220.


LaTeX Warning: Citation `adeoye2025animalia' on page 9 undefined on input line 220.


LaTeX Warning: Citation `beyondtech2025smart' on page 9 undefined on input line 225.


LaTeX Warning: Citation `adeoye2025animalia' on page 9 undefined on input line 225.


LaTeX Warning: Citation `beyondtech2025smart' on page 9 undefined on input line 226.


LaTeX Warning: Citation `reza2025review' on page 9 undefined on input line 226.


LaTeX Warning: Citation `beyondtech2025smart' on page 9 undefined on input line 230.


LaTeX Warning: Citation `reza2025review' on page 9 undefined on input line 230.


LaTeX Warning: Citation `adeoye2025animalia' on page 9 undefined on input line 234.


LaTeX Warning: Citation `dingcong2017monitoring' on page 9 undefined on input line 234.


LaTeX Warning: Citation `beyondtech2025smart' on page 9 undefined on input line 234.


LaTeX Warning: Citation `dingcong2017monitoring' on page 9 undefined on input line 238.


LaTeX Warning: Citation `adeoye2025animalia' on page 9 undefined on input line 238.


LaTeX Warning: Citation `adeoye2025animalia' on page 9 undefined on input line 239.


LaTeX Warning: Citation `beyondtech2025smart' on page 9 undefined on input line 239.


LaTeX Warning: Citation `sadeghi2023improving' on page 9 undefined on input line 240.


LaTeX Warning: Citation `adeoye2025animalia' on page 9 undefined on input line 240.


LaTeX Warning: Citation `yamsakul2025machine' on page 9 undefined on input line 240.


LaTeX Warning: Citation `beyondtech2025smart' on page 9 undefined on input line 243.


LaTeX Warning: Citation `adeoye2025animalia' on page 9 undefined on input line 243.


LaTeX Warning: Citation `dingcong2017monitoring' on page 9 undefined on input line 245.


LaTeX Warning: Citation `sadeghi2023improving' on page 9 undefined on input line 245.


LaTeX Warning: Citation `reza2025review' on page 9 undefined on input line 245.

[9]) (TimTissis.bbl)

** Conference Paper **
Before submitting the final camera ready copy, remember to:

 1. Manually equalize the lengths of two columns on the last page
 of your paper;

 2. Ensure that any PostScript and/or PDF output post-processing
 uses only Type 1 fonts and that every step in the generation
 process uses the appropriate paper size.

[10] (TimTissis.aux)
 ***********
LaTeX2e <2025-11-01>
L3 programming layer <2025-12-24>
 ***********


LaTeX Warning: There were undefined references.


LaTeX Warning: Label(s) may have changed. Rerun to get cross-references right.

 ) 
Here is how much of TeX's memory you used:
 10407 strings out of 467871
 176416 string characters out of 5418376
 607793 words of memory out of 5000000
 39102 multiletter control sequences out of 15000+600000
 665112 words of font info for 114 fonts, out of 8000000 for 9000
 1141 hyphenation exceptions out of 8191
 69i,17n,117p,1462b,545s stack positions out of 10000i,1000n,20000p,200000b,200000s
 <C:\Users\parra\AppData\Local\MiKTeX\fonts/pk/ljfour/jknappen/ec/dpi600\tcrm1000.pk><C:/Users/parra/AppData/Local/Programs/MiKTeX/fonts/type1/public/amsfonts/cm/cmex10.pfb><C:/Users/parra/AppData/Local/Programs/MiKTeX/fonts/type1/public/amsfonts/cm/cmmi10.pfb><C:/Users/parra/AppData/Local/Programs/MiKTeX/fonts/type1/public/amsfonts/cm/cmmi7.pfb><C:/Users/parra/AppData/Local/Programs/MiKTeX/fonts/type1/public/amsfonts/cm/cmr10.pfb><C:/Users/parra/AppData/Local/Programs/MiKTeX/fonts/type1/public/amsfonts/cm/cmr7.pfb><C:/Users/parra/AppData/Local/Programs/MiKTeX/fonts/type1/public/amsfonts/cm/cmr8.pfb><C:/Users/parra/AppData/Local/Programs/MiKTeX/fonts/type1/public/amsfonts/cm/cmsy10.pfb><C:/Users/parra/AppData/Local/Programs/MiKTeX/fonts/type1/public/amsfonts/cm/cmsy7.pfb><C:/Users/parra/AppData/Local/Programs/MiKTeX/fonts/type1/urw/times/utmb8a.pfb><C:/Users/parra/AppData/Local/Programs/MiKTeX/fonts/type1/urw/times/utmbi8a.pfb><C:/Users/parra/AppData/Local/Programs/MiKTeX/fonts/type1/urw/times/utmr8a.pfb><C:/Users/parra/AppData/Local/Programs/MiKTeX/fonts/type1/urw/times/utmri8a.pfb>
Output written on TimTissis.pdf (11 pages, 655837 bytes).
PDF statistics:
 133 PDF objects out of 1000 (max. 8388607)
 0 named destinations out of 1000 (max. 500000)
 66 words of extra memory for PDF output out of 10000 (max. 10000000)

